2026-03-08 21:10:07 - aicore.ML.models.embedding_model - INFO - logger - setup_logger - Logger initialized: aicore.ML.models.embedding_model (level=INFO)
2026-03-08 21:10:07 - aicore.services.embedding_service - INFO - logger - setup_logger - Logger initialized: aicore.services.embedding_service (level=INFO)
2026-03-08 21:10:08 - aicore.repositories.vector.faiss_repo - INFO - logger - setup_logger - Logger initialized: aicore.repositories.vector.faiss_repo (level=INFO)
2026-03-08 21:10:12 - aicore.repositories.vector.qdrant_repo - INFO - logger - setup_logger - Logger initialized: aicore.repositories.vector.qdrant_repo (level=INFO)
2026-03-08 21:10:12 - aicore.repositories.vector.repository_factory - INFO - logger - setup_logger - Logger initialized: aicore.repositories.vector.repository_factory (level=INFO)
2026-03-08 21:10:12 - aicore.ML.preprocessing.text_cleaner - INFO - logger - setup_logger - Logger initialized: aicore.ML.preprocessing.text_cleaner (level=INFO)
2026-03-08 21:12:04 - aicore.ML.models.embedding_model - INFO - logger - setup_logger - Logger initialized: aicore.ML.models.embedding_model (level=INFO)
2026-03-08 21:12:04 - aicore.services.embedding_service - INFO - logger - setup_logger - Logger initialized: aicore.services.embedding_service (level=INFO)
2026-03-08 21:12:04 - aicore.repositories.vector.faiss_repo - INFO - logger - setup_logger - Logger initialized: aicore.repositories.vector.faiss_repo (level=INFO)
2026-03-08 21:12:08 - aicore.repositories.vector.qdrant_repo - INFO - logger - setup_logger - Logger initialized: aicore.repositories.vector.qdrant_repo (level=INFO)
2026-03-08 21:12:08 - aicore.repositories.vector.repository_factory - INFO - logger - setup_logger - Logger initialized: aicore.repositories.vector.repository_factory (level=INFO)
2026-03-08 21:12:08 - aicore.ML.preprocessing.text_cleaner - INFO - logger - setup_logger - Logger initialized: aicore.ML.preprocessing.text_cleaner (level=INFO)
2026-03-08 21:12:08 - aicore.ML.preprocessing.language_detector - INFO - logger - setup_logger - Logger initialized: aicore.ML.preprocessing.language_detector (level=INFO)
2026-03-08 21:12:08 - aicore.services.semantic_search_service - INFO - logger - setup_logger - Logger initialized: aicore.services.semantic_search_service (level=INFO)
2026-03-08 21:12:08 - aicore.services.drug_similars_service - INFO - logger - setup_logger - Logger initialized: aicore.services.drug_similars_service (level=INFO)
2026-03-08 21:14:05 - aicore.ML.models.embedding_model - INFO - logger - setup_logger - Logger initialized: aicore.ML.models.embedding_model (level=INFO)
2026-03-08 21:14:05 - aicore.services.embedding_service - INFO - logger - setup_logger - Logger initialized: aicore.services.embedding_service (level=INFO)
2026-03-08 21:14:05 - aicore.repositories.vector.faiss_repo - INFO - logger - setup_logger - Logger initialized: aicore.repositories.vector.faiss_repo (level=INFO)
2026-03-08 21:14:10 - aicore.repositories.vector.qdrant_repo - INFO - logger - setup_logger - Logger initialized: aicore.repositories.vector.qdrant_repo (level=INFO)
2026-03-08 21:14:10 - aicore.repositories.vector.repository_factory - INFO - logger - setup_logger - Logger initialized: aicore.repositories.vector.repository_factory (level=INFO)
2026-03-08 21:14:10 - aicore.ML.preprocessing.text_cleaner - INFO - logger - setup_logger - Logger initialized: aicore.ML.preprocessing.text_cleaner (level=INFO)
2026-03-08 21:14:10 - aicore.ML.preprocessing.language_detector - INFO - logger - setup_logger - Logger initialized: aicore.ML.preprocessing.language_detector (level=INFO)
2026-03-08 21:14:10 - aicore.services.semantic_search_service - INFO - logger - setup_logger - Logger initialized: aicore.services.semantic_search_service (level=INFO)
2026-03-08 21:14:10 - aicore.services.drug_similars_service - INFO - logger - setup_logger - Logger initialized: aicore.services.drug_similars_service (level=INFO)
2026-03-09 12:10:26 - aicore.ML.models.embedding_model - INFO - logger - setup_logger - Logger initialized: aicore.ML.models.embedding_model (level=INFO)
2026-03-09 12:10:26 - aicore.services.embedding_service - INFO - logger - setup_logger - Logger initialized: aicore.services.embedding_service (level=INFO)
2026-03-09 12:10:27 - aicore.repositories.vector.faiss_repo - INFO - logger - setup_logger - Logger initialized: aicore.repositories.vector.faiss_repo (level=INFO)
2026-03-09 12:10:30 - aicore.repositories.vector.qdrant_repo - INFO - logger - setup_logger - Logger initialized: aicore.repositories.vector.qdrant_repo (level=INFO)
2026-03-09 12:10:30 - aicore.repositories.vector.repository_factory - INFO - logger - setup_logger - Logger initialized: aicore.repositories.vector.repository_factory (level=INFO)
2026-03-09 12:10:30 - aicore.ML.preprocessing.text_cleaner - INFO - logger - setup_logger - Logger initialized: aicore.ML.preprocessing.text_cleaner (level=INFO)
2026-03-09 12:10:30 - aicore.ML.preprocessing.language_detector - INFO - logger - setup_logger - Logger initialized: aicore.ML.preprocessing.language_detector (level=INFO)
2026-03-09 12:10:30 - aicore.services.semantic_search_service - INFO - logger - setup_logger - Logger initialized: aicore.services.semantic_search_service (level=INFO)
2026-03-09 12:10:30 - aicore.services.drug_similars_service - INFO - logger - setup_logger - Logger initialized: aicore.services.drug_similars_service (level=INFO)
2026-03-09 12:11:12 - aicore.ML.models.embedding_model - INFO - logger - setup_logger - Logger initialized: aicore.ML.models.embedding_model (level=INFO)
2026-03-09 12:11:12 - aicore.services.embedding_service - INFO - logger - setup_logger - Logger initialized: aicore.services.embedding_service (level=INFO)
2026-03-09 12:11:12 - aicore.repositories.vector.faiss_repo - INFO - logger - setup_logger - Logger initialized: aicore.repositories.vector.faiss_repo (level=INFO)
2026-03-09 12:11:14 - aicore.repositories.vector.qdrant_repo - INFO - logger - setup_logger - Logger initialized: aicore.repositories.vector.qdrant_repo (level=INFO)
2026-03-09 12:11:14 - aicore.repositories.vector.repository_factory - INFO - logger - setup_logger - Logger initialized: aicore.repositories.vector.repository_factory (level=INFO)
2026-03-09 12:11:14 - aicore.ML.preprocessing.text_cleaner - INFO - logger - setup_logger - Logger initialized: aicore.ML.preprocessing.text_cleaner (level=INFO)
2026-03-09 12:11:14 - aicore.ML.preprocessing.language_detector - INFO - logger - setup_logger - Logger initialized: aicore.ML.preprocessing.language_detector (level=INFO)
2026-03-09 12:11:14 - aicore.services.semantic_search_service - INFO - logger - setup_logger - Logger initialized: aicore.services.semantic_search_service (level=INFO)
2026-03-09 12:11:14 - aicore.services.drug_similars_service - INFO - logger - setup_logger - Logger initialized: aicore.services.drug_similars_service (level=INFO)
2026-03-09 12:11:23 - aicore.ML.models.embedding_model - INFO - logger - setup_logger - Logger initialized: aicore.ML.models.embedding_model (level=INFO)
2026-03-09 12:11:23 - aicore.services.embedding_service - INFO - logger - setup_logger - Logger initialized: aicore.services.embedding_service (level=INFO)
2026-03-09 12:11:24 - aicore.repositories.vector.faiss_repo - INFO - logger - setup_logger - Logger initialized: aicore.repositories.vector.faiss_repo (level=INFO)
2026-03-09 12:11:26 - aicore.repositories.vector.qdrant_repo - INFO - logger - setup_logger - Logger initialized: aicore.repositories.vector.qdrant_repo (level=INFO)
2026-03-09 12:11:26 - aicore.repositories.vector.repository_factory - INFO - logger - setup_logger - Logger initialized: aicore.repositories.vector.repository_factory (level=INFO)
2026-03-09 12:11:26 - aicore.ML.preprocessing.text_cleaner - INFO - logger - setup_logger - Logger initialized: aicore.ML.preprocessing.text_cleaner (level=INFO)
2026-03-09 12:11:26 - aicore.ML.preprocessing.language_detector - INFO - logger - setup_logger - Logger initialized: aicore.ML.preprocessing.language_detector (level=INFO)
2026-03-09 12:11:26 - aicore.services.semantic_search_service - INFO - logger - setup_logger - Logger initialized: aicore.services.semantic_search_service (level=INFO)
2026-03-09 12:11:26 - aicore.services.drug_similars_service - INFO - logger - setup_logger - Logger initialized: aicore.services.drug_similars_service (level=INFO)
2026-03-09 13:31:40 - aicore.ML.models.embedding_model - INFO - logger - setup_logger - Logger initialized: aicore.ML.models.embedding_model (level=INFO)
2026-03-09 13:31:40 - aicore.services.embedding_service - INFO - logger - setup_logger - Logger initialized: aicore.services.embedding_service (level=INFO)
2026-03-09 13:31:41 - aicore.repositories.vector.faiss_repo - INFO - logger - setup_logger - Logger initialized: aicore.repositories.vector.faiss_repo (level=INFO)
2026-03-09 13:31:43 - aicore.repositories.vector.qdrant_repo - INFO - logger - setup_logger - Logger initialized: aicore.repositories.vector.qdrant_repo (level=INFO)
2026-03-09 13:31:43 - aicore.repositories.vector.repository_factory - INFO - logger - setup_logger - Logger initialized: aicore.repositories.vector.repository_factory (level=INFO)
2026-03-09 13:31:43 - aicore.ML.preprocessing.text_cleaner - INFO - logger - setup_logger - Logger initialized: aicore.ML.preprocessing.text_cleaner (level=INFO)
2026-03-09 13:31:43 - aicore.ML.preprocessing.language_detector - INFO - logger - setup_logger - Logger initialized: aicore.ML.preprocessing.language_detector (level=INFO)
2026-03-09 13:31:43 - aicore.services.semantic_search_service - INFO - logger - setup_logger - Logger initialized: aicore.services.semantic_search_service (level=INFO)
2026-03-09 13:31:43 - aicore.services.drug_similars_service - INFO - logger - setup_logger - Logger initialized: aicore.services.drug_similars_service (level=INFO)
